
> frontend@0.1.0 test
> jest PieGraphics --no-coverage

node.exe : FAIL src/tools/PieGraphics.test.tsx
No linha:1 caractere:1
+ & "C:\Program Files\nodejs/node.exe" "C:\Users\PC GAMER 107\AppData\R ...
+ ~~~~~~~~~~~~~~~~~~~~~~~~~~~~~~~~~~~~~~~~~~~~~~~~~~~~~~~~~~~~~~~~~~~~~
    + CategoryInfo          : NotSpecified: (FAIL src/tools/PieGraphics.test.t 
   sx:String) [], RemoteException
    + FullyQualifiedErrorId : NativeCommandError
 
  PieGraphics Component
    ÔêÜ renders with default title (26 ms)
    ÔêÜ renders with custom title when provided (3 ms)
    ├ù has proper chart card styling (3 ms)
    ÔêÜ has dark mode support (2 ms)
    ÔêÜ has accent bar before title (12 ms)
    ÔêÜ renders pie chart element (3 ms)
    ÔêÜ displays legend by default (2 ms)
    ÔêÜ accepts custom height prop (2 ms)
    ÔêÜ accepts custom data prop (3 ms)
    ├ù has proper accessibility heading (2 ms)

  ÔùÅ PieGraphics Component ÔÇ║ has proper chart card styling

    expect(element).toHaveClass("rounded-lg")

    Expected the element to have class:
      rounded-lg
    Received:
      bg-white p-6 rounded-2xl border border-violet-100 shadow-sm 
dark:bg-slate-800

    [0m [90m 30 |[39m 		[36mconst[39m { container } [33m=[39m 
render([33m<[39m[33mPieGraphics[39m [33m/[39m[33m>[39m)[33m;[39m
     [90m 31 |[39m 		[36mconst[39m cardDiv [33m=[39m 
container[33m.[39mfirstChild [36mas[39m [33mHTMLElement[39m[33m;[39m
    [31m[1m>[22m[39m[90m 32 |[39m 		
expect(cardDiv)[33m.[39mtoHaveClass([32m'rounded-lg'[39m)[33m;[39m
     [90m    |[39m 		                [31m[1m^[22m[39m
     [90m 33 |[39m 		
expect(cardDiv)[33m.[39mtoHaveClass([32m'shadow-md'[39m)[33m;[39m
     [90m 34 |[39m 	})[33m;[39m
     [90m 35 |[39m[0m

      at Object.toHaveClass (src/tools/PieGraphics.test.tsx:32:19)

  ÔùÅ PieGraphics Component ÔÇ║ has proper accessibility heading

    expect(received).toMatch(expected)

    Expected pattern: /text-sm/
    Received string:  "text-base font-semibold mb-4 text-violet-900 
tracking-tight dark:text-white"

    [0m [90m 76 |[39m 		[36mconst[39m heading [33m=[39m 
screen[33m.[39mgetByText([32m'Distribui├º├úo de Vendas'[39m)[33m;[39m
     [90m 77 |[39m 		expect(heading)[33m.[39mtoBeInTheDocument()[33m;[39m
    [31m[1m>[22m[39m[90m 78 |[39m 		expect(heading[33m.[39mclassName)[
33m.[39mtoMatch([35m/text-sm/[39m)[33m;[39m
     [90m    |[39m 		                          [31m[1m^[22m[39m
     [90m 79 |[39m 	})[33m;[39m
     [90m 80 |[39m })[33m;[39m
     [90m 81 |[39m[0m

      at Object.toMatch (src/tools/PieGraphics.test.tsx:78:29)

Test Suites: 1 failed, 1 total
Tests:       2 failed, 8 passed, 10 total
Snapshots:   0 total
Time:        1.724 s, estimated 2 s
Ran all test suites matching PieGraphics.
